
> mashhoor@0.1.0 build
> next build

   Γû▓ Next.js 15.5.15
   - Environments: .env
   - Experiments (use with caution):
     ┬╖ serverActions
     ┬╖ optimizePackageImports

   Creating an optimized production build ...
 Γ£ô Compiled successfully in 24.7s
   Linting and checking validity of types ...

./src/app/components/home/HomeBody.tsx
154:9  Warning: JSX props should not use arrow functions  react/jsx-no-bind

info  - Need to disable some ESLint rules? Learn more here: https://nextjs.org/docs/app/api-reference/config/eslint#disabling-rules
Failed to compile.

./src/app/components/home/NearbyAlertSetupModal.tsx:190:9
Type error: Type 'string' is not assignable to type 'ItemType | undefined'.

  188 |         userLng: selectedPosition[1],
  189 |         distance: alertRadiusKm,
> 190 |         type: alertItemType,
      |         ^
  191 |         action: alertAction,
  192 |         catName: alertCategoryName,
  193 |       });
Next.js build worker exited with code: 1 and signal: null
